2026-05-23 12:06:45,205 [INFO] (parser.py:284) - Aggregating flows from PCAP: /home/yi/Stealth System/pcaps/uploaded_temp.pcap...
2026-05-23 12:06:48,117 [INFO] (parser.py:296) - Processed 10000 packets...
2026-05-23 12:06:49,436 [INFO] (parser.py:298) - Flow aggregation complete. Total packets processed: 14676, Unique flows: 572
2026-05-23 12:06:49,436 [INFO] (features.py:363) - Extracting multi-resolution features from 572 connections...
2026-05-23 12:06:49,538 [INFO] (features.py:396) - Feature matrix generated: 572 rows, 58 columns.
2026-05-23 12:07:39,705 [INFO] (parser.py:192) - Aggregating flows from PCAP: /home/yi/Stealth System/pcaps/uploaded_temp.pcap...
2026-05-23 12:07:42,621 [INFO] (parser.py:204) - Processed 10000 packets...
2026-05-23 12:07:43,926 [INFO] (parser.py:206) - Flow aggregation complete. Total packets processed: 14676, Unique flows: 572
2026-05-23 12:07:43,926 [INFO] (features.py:128) - Extracting features from 572 connections...
2026-05-23 12:07:43,956 [INFO] (features.py:209) - Feature matrix generated successfully: 572 rows, 25 columns.
2026-05-23 12:07:49,239 [INFO] (parser.py:192) - Aggregating flows from PCAP: /home/yi/Stealth System/pcaps/uploaded_temp.pcap...
2026-05-23 12:07:52,062 [INFO] (parser.py:204) - Processed 10000 packets...
2026-05-23 12:07:53,363 [INFO] (parser.py:206) - Flow aggregation complete. Total packets processed: 14676, Unique flows: 572
2026-05-23 12:07:53,363 [INFO] (features.py:128) - Extracting features from 572 connections...
2026-05-23 12:07:53,392 [INFO] (features.py:209) - Feature matrix generated successfully: 572 rows, 25 columns.
2026-05-23 12:07:58,305 [INFO] (parser.py:192) - Aggregating flows from PCAP: /home/yi/Stealth System/pcaps/uploaded_temp.pcap...
2026-05-23 12:08:01,024 [INFO] (parser.py:204) - Processed 10000 packets...
2026-05-23 12:08:02,339 [INFO] (parser.py:206) - Flow aggregation complete. Total packets processed: 14676, Unique flows: 572
2026-05-23 12:08:02,339 [INFO] (features.py:128) - Extracting features from 572 connections...
2026-05-23 12:08:02,368 [INFO] (features.py:209) - Feature matrix generated successfully: 572 rows, 25 columns.
2026-05-23 12:08:12,271 [INFO] (parser.py:192) - Aggregating flows from PCAP: /home/yi/Stealth System/pcaps/uploaded_temp.pcap...
2026-05-23 12:08:15,096 [INFO] (parser.py:204) - Processed 10000 packets...
2026-05-23 12:08:16,400 [INFO] (parser.py:206) - Flow aggregation complete. Total packets processed: 14676, Unique flows: 572
2026-05-23 12:08:16,400 [INFO] (features.py:128) - Extracting features from 572 connections...
2026-05-23 12:08:16,429 [INFO] (features.py:209) - Feature matrix generated successfully: 572 rows, 25 columns.
2026-05-23 12:10:30,625 [INFO] (parser.py:192) - Aggregating flows from PCAP: /home/yi/Stealth System/pcaps/uploaded_temp.pcap...
2026-05-23 12:10:33,462 [INFO] (parser.py:204) - Processed 10000 packets...
2026-05-23 12:10:34,740 [INFO] (parser.py:206) - Flow aggregation complete. Total packets processed: 14676, Unique flows: 572
2026-05-23 12:10:34,740 [INFO] (features.py:128) - Extracting features from 572 connections...
2026-05-23 12:10:34,769 [INFO] (features.py:209) - Feature matrix generated successfully: 572 rows, 25 columns.
2026-05-23 12:10:38,678 [INFO] (parser.py:192) - Aggregating flows from PCAP: /home/yi/Stealth System/pcaps/uploaded_temp.pcap...
2026-05-23 12:10:41,442 [INFO] (parser.py:204) - Processed 10000 packets...
2026-05-23 12:10:42,782 [INFO] (parser.py:206) - Flow aggregation complete. Total packets processed: 14676, Unique flows: 572
2026-05-23 12:10:42,782 [INFO] (features.py:128) - Extracting features from 572 connections...
2026-05-23 12:10:42,812 [INFO] (features.py:209) - Feature matrix generated successfully: 572 rows, 25 columns.
2026-05-23 12:10:59,773 [INFO] (parser.py:192) - Aggregating flows from PCAP: /home/yi/Stealth System/pcaps/uploaded_temp.pcap...
2026-05-23 12:11:02,551 [INFO] (parser.py:204) - Processed 10000 packets...
2026-05-23 12:11:03,865 [INFO] (parser.py:206) - Flow aggregation complete. Total packets processed: 14676, Unique flows: 572
2026-05-23 12:11:03,865 [INFO] (features.py:128) - Extracting features from 572 connections...
2026-05-23 12:11:03,895 [INFO] (features.py:209) - Feature matrix generated successfully: 572 rows, 25 columns.
2026-05-23 12:11:09,359 [INFO] (parser.py:192) - Aggregating flows from PCAP: /home/yi/Stealth System/pcaps/uploaded_temp.pcap...
2026-05-23 12:11:12,029 [INFO] (parser.py:204) - Processed 10000 packets...
2026-05-23 12:11:13,352 [INFO] (parser.py:206) - Flow aggregation complete. Total packets processed: 14676, Unique flows: 572
2026-05-23 12:11:13,352 [INFO] (features.py:128) - Extracting features from 572 connections...
2026-05-23 12:11:13,383 [INFO] (features.py:209) - Feature matrix generated successfully: 572 rows, 25 columns.
2026-05-23 12:12:07,393 [INFO] (parser.py:192) - Aggregating flows from PCAP: /home/yi/Stealth System/pcaps/uploaded_temp.pcap...
2026-05-23 12:12:09,575 [INFO] (parser.py:204) - Processed 10000 packets...
2026-05-23 12:12:11,404 [INFO] (parser.py:204) - Processed 20000 packets...
2026-05-23 12:12:13,612 [INFO] (parser.py:204) - Processed 30000 packets...
2026-05-23 12:12:17,099 [INFO] (parser.py:204) - Processed 40000 packets...
2026-05-23 12:12:20,630 [INFO] (parser.py:204) - Processed 50000 packets...
2026-05-23 12:12:20,978 [INFO] (parser.py:206) - Flow aggregation complete. Total packets processed: 51127, Unique flows: 316
2026-05-23 12:12:20,978 [INFO] (features.py:128) - Extracting features from 316 connections...
2026-05-23 12:12:21,015 [INFO] (features.py:209) - Feature matrix generated successfully: 316 rows, 25 columns.
2026-05-23 12:12:22,786 [INFO] (parser.py:192) - Aggregating flows from PCAP: /home/yi/Stealth System/pcaps/uploaded_temp.pcap...
2026-05-23 12:12:24,872 [INFO] (parser.py:204) - Processed 10000 packets...
2026-05-23 12:12:26,676 [INFO] (parser.py:204) - Processed 20000 packets...
2026-05-23 12:12:28,889 [INFO] (parser.py:204) - Processed 30000 packets...
2026-05-23 12:12:32,320 [INFO] (parser.py:204) - Processed 40000 packets...
2026-05-23 12:12:35,818 [INFO] (parser.py:204) - Processed 50000 packets...
2026-05-23 12:12:36,168 [INFO] (parser.py:206) - Flow aggregation complete. Total packets processed: 51127, Unique flows: 316
2026-05-23 12:12:36,169 [INFO] (features.py:128) - Extracting features from 316 connections...
2026-05-23 12:12:36,214 [INFO] (features.py:209) - Feature matrix generated successfully: 316 rows, 25 columns.
2026-05-23 12:12:43,457 [INFO] (parser.py:192) - Aggregating flows from PCAP: /home/yi/Stealth System/pcaps/uploaded_temp.pcap...
2026-05-23 12:12:45,497 [INFO] (parser.py:204) - Processed 10000 packets...
2026-05-23 12:12:47,295 [INFO] (parser.py:204) - Processed 20000 packets...
2026-05-23 12:12:49,528 [INFO] (parser.py:204) - Processed 30000 packets...
2026-05-23 12:12:52,973 [INFO] (parser.py:204) - Processed 40000 packets...
2026-05-23 12:12:56,398 [INFO] (parser.py:204) - Processed 50000 packets...
2026-05-23 12:12:56,744 [INFO] (parser.py:206) - Flow aggregation complete. Total packets processed: 51127, Unique flows: 316
2026-05-23 12:12:56,745 [INFO] (features.py:128) - Extracting features from 316 connections...
2026-05-23 12:12:56,783 [INFO] (features.py:209) - Feature matrix generated successfully: 316 rows, 25 columns.
2026-05-23 12:13:47,599 [INFO] (parser.py:192) - Aggregating flows from PCAP: /home/yi/Stealth System/pcaps/uploaded_temp.pcap...
2026-05-23 12:13:49,646 [INFO] (parser.py:204) - Processed 10000 packets...
2026-05-23 12:13:51,485 [INFO] (parser.py:204) - Processed 20000 packets...
2026-05-23 12:13:53,700 [INFO] (parser.py:204) - Processed 30000 packets...
2026-05-23 12:13:57,163 [INFO] (parser.py:204) - Processed 40000 packets...
2026-05-23 12:14:00,644 [INFO] (parser.py:204) - Processed 50000 packets...
2026-05-23 12:14:00,996 [INFO] (parser.py:206) - Flow aggregation complete. Total packets processed: 51127, Unique flows: 316
2026-05-23 12:14:00,996 [INFO] (features.py:128) - Extracting features from 316 connections...
2026-05-23 12:14:01,032 [INFO] (features.py:209) - Feature matrix generated successfully: 316 rows, 25 columns.
2026-05-23 12:14:06,733 [INFO] (parser.py:192) - Aggregating flows from PCAP: /home/yi/Stealth System/pcaps/uploaded_temp.pcap...
2026-05-23 12:14:08,792 [INFO] (parser.py:204) - Processed 10000 packets...
2026-05-23 12:14:10,670 [INFO] (parser.py:204) - Processed 20000 packets...
2026-05-23 12:14:12,881 [INFO] (parser.py:204) - Processed 30000 packets...
2026-05-23 12:14:16,360 [INFO] (parser.py:204) - Processed 40000 packets...
2026-05-23 12:14:19,814 [INFO] (parser.py:204) - Processed 50000 packets...
2026-05-23 12:14:20,167 [INFO] (parser.py:206) - Flow aggregation complete. Total packets processed: 51127, Unique flows: 316
2026-05-23 12:14:20,167 [INFO] (features.py:128) - Extracting features from 316 connections...
2026-05-23 12:14:20,204 [INFO] (features.py:209) - Feature matrix generated successfully: 316 rows, 25 columns.
2026-05-23 12:14:23,419 [INFO] (parser.py:192) - Aggregating flows from PCAP: /home/yi/Stealth System/pcaps/uploaded_temp.pcap...
2026-05-23 12:14:25,618 [INFO] (parser.py:204) - Processed 10000 packets...
2026-05-23 12:14:27,433 [INFO] (parser.py:204) - Processed 20000 packets...
2026-05-23 12:14:29,610 [INFO] (parser.py:204) - Processed 30000 packets...
2026-05-23 12:14:32,982 [INFO] (parser.py:204) - Processed 40000 packets...
2026-05-23 12:14:36,377 [INFO] (parser.py:204) - Processed 50000 packets...
2026-05-23 12:14:36,718 [INFO] (parser.py:206) - Flow aggregation complete. Total packets processed: 51127, Unique flows: 316
2026-05-23 12:14:36,718 [INFO] (features.py:128) - Extracting features from 316 connections...
2026-05-23 12:14:36,754 [INFO] (features.py:209) - Feature matrix generated successfully: 316 rows, 25 columns.
2026-05-23 12:15:09,155 [INFO] (parser.py:192) - Aggregating flows from PCAP: /home/yi/Stealth System/pcaps/uploaded_temp.pcap...
2026-05-23 12:15:11,356 [INFO] (parser.py:204) - Processed 10000 packets...
2026-05-23 12:15:13,189 [INFO] (parser.py:204) - Processed 20000 packets...
2026-05-23 12:15:15,410 [INFO] (parser.py:204) - Processed 30000 packets...
2026-05-23 12:15:18,842 [INFO] (parser.py:204) - Processed 40000 packets...
2026-05-23 12:15:22,326 [INFO] (parser.py:204) - Processed 50000 packets...
2026-05-23 12:15:22,676 [INFO] (parser.py:206) - Flow aggregation complete. Total packets processed: 51127, Unique flows: 316
2026-05-23 12:15:22,676 [INFO] (features.py:128) - Extracting features from 316 connections...
2026-05-23 12:15:22,713 [INFO] (features.py:209) - Feature matrix generated successfully: 316 rows, 25 columns.
